// This file is auto-generated by @hey-api/openapi-ts

import type { CancelablePromise } from './core/CancelablePromise';
import { OpenAPI } from './core/OpenAPI';
import { request as __request } from './core/request';
import { RequestOptions } from './core/request';

export class myAwesomeSimpleApi {
    /**
     * @param overrides Additional request headers
     * @returns Model_From_Zendesk Success
     * @throws ApiError
     */
    public static apiVVersionOdataControllerCount(overrides?: RequestOptions | undefined): CancelablePromise<ApiVversionOdataControllerCountResponse> {
        return __request(OpenAPI, {
            method: 'GET',
            url: '/api/v{api-version}/simple/$count'
        }, overrides);
    }
    
    /**
     * @param overrides Additional request headers
     * @throws ApiError
     */
    public static getCallWithoutParametersAndResponse(overrides?: RequestOptions | undefined): CancelablePromise<void> {
        return __request(OpenAPI, {
            method: 'GET',
            url: '/api/v{api-version}/simple'
        }, overrides);
    }
    
    /**
     * @param overrides Additional request headers
     * @throws ApiError
     */
    public static putCallWithoutParametersAndResponse(overrides?: RequestOptions | undefined): CancelablePromise<void> {
        return __request(OpenAPI, {
            method: 'PUT',
            url: '/api/v{api-version}/simple'
        }, overrides);
    }
    
    /**
     * @param overrides Additional request headers
     * @throws ApiError
     */
    public static postCallWithoutParametersAndResponse(overrides?: RequestOptions | undefined): CancelablePromise<void> {
        return __request(OpenAPI, {
            method: 'POST',
            url: '/api/v{api-version}/simple'
        }, overrides);
    }
    
    /**
     * @param overrides Additional request headers
     * @throws ApiError
     */
    public static deleteCallWithoutParametersAndResponse(overrides?: RequestOptions | undefined): CancelablePromise<void> {
        return __request(OpenAPI, {
            method: 'DELETE',
            url: '/api/v{api-version}/simple'
        }, overrides);
    }
    
    /**
     * @param overrides Additional request headers
     * @throws ApiError
     */
    public static optionsCallWithoutParametersAndResponse(overrides?: RequestOptions | undefined): CancelablePromise<void> {
        return __request(OpenAPI, {
            method: 'OPTIONS',
            url: '/api/v{api-version}/simple'
        }, overrides);
    }
    
    /**
     * @param overrides Additional request headers
     * @throws ApiError
     */
    public static headCallWithoutParametersAndResponse(overrides?: RequestOptions | undefined): CancelablePromise<void> {
        return __request(OpenAPI, {
            method: 'HEAD',
            url: '/api/v{api-version}/simple'
        }, overrides);
    }
    
    /**
     * @param overrides Additional request headers
     * @throws ApiError
     */
    public static patchCallWithoutParametersAndResponse(overrides?: RequestOptions | undefined): CancelablePromise<void> {
        return __request(OpenAPI, {
            method: 'PATCH',
            url: '/api/v{api-version}/simple'
        }, overrides);
    }
    
}

export class myAwesomeParametersApi {
    /**
     * @param data The data for the request.
     * @param data.foo foo in method
     * @param data.bar bar in method
     * @param overrides Additional request headers
     * @throws ApiError
     */
    public static deleteFoo(data: DeleteFooData3, overrides?: RequestOptions | undefined): CancelablePromise<void> {
        return __request(OpenAPI, {
            method: 'DELETE',
            url: '/api/v{api-version}/foo/{foo}/bar/{bar}',
            path: {
                foo: data.foo,
                bar: data.bar
            }
        }, overrides);
    }
    
    /**
     * @param data The data for the request.
     * @param data.parameterHeader This is the parameter that goes into the header
     * @param data.fooAllOfEnum
     * @param data.parameterQuery This is the parameter that goes into the query params
     * @param data.parameterForm This is the parameter that goes into the form data
     * @param data.parameterCookie This is the parameter that goes into the cookie
     * @param data.parameterPath This is the parameter that goes into the path
     * @param data.requestBody This is the parameter that goes into the body
     * @param data.fooRefEnum
     * @param overrides Additional request headers
     * @throws ApiError
     */
    public static callWithParameters(data: CallWithParametersData, overrides?: RequestOptions | undefined): CancelablePromise<void> {
        return __request(OpenAPI, {
            method: 'POST',
            url: '/api/v{api-version}/parameters/{parameterPath}',
            path: {
                parameterPath: data.parameterPath
            },
            cookies: {
                parameterCookie: data.parameterCookie
            },
            headers: {
                parameterHeader: data.parameterHeader
            },
            query: {
                foo_ref_enum: data.fooRefEnum,
                foo_all_of_enum: data.fooAllOfEnum,
                parameterQuery: data.parameterQuery
            },
            formData: {
                parameterForm: data.parameterForm
            },
            body: data.requestBody,
            mediaType: 'application/json'
        }, overrides);
    }
    
    /**
     * @param data The data for the request.
     * @param data.parameterHeader This is the parameter that goes into the request header
     * @param data.parameterQuery This is the parameter that goes into the request query params
     * @param data.parameterForm This is the parameter that goes into the request form data
     * @param data.parameterCookie This is the parameter that goes into the cookie
     * @param data.requestBody This is the parameter that goes into the body
     * @param data.parameterPath1 This is the parameter that goes into the path
     * @param data.parameterPath2 This is the parameter that goes into the path
     * @param data.parameterPath3 This is the parameter that goes into the path
     * @param data._default This is the parameter with a reserved keyword
     * @param overrides Additional request headers
     * @throws ApiError
     */
    public static callWithWeirdParameterNames(data: CallWithWeirdParameterNamesData, overrides?: RequestOptions | undefined): CancelablePromise<void> {
        return __request(OpenAPI, {
            method: 'POST',
            url: '/api/v{api-version}/parameters/{parameter.path.1}/{parameter-path-2}/{PARAMETER-PATH-3}',
            path: {
                'parameter.path.1': data.parameterPath1,
                'parameter-path-2': data.parameterPath2,
                'PARAMETER-PATH-3': data.parameterPath3
            },
            cookies: {
                'PARAMETER-COOKIE': data.parameterCookie
            },
            headers: {
                'parameter.header': data.parameterHeader
            },
            query: {
                default: data._default,
                'parameter-query': data.parameterQuery
            },
            formData: {
                parameter_form: data.parameterForm
            },
            body: data.requestBody,
            mediaType: 'application/json'
        }, overrides);
    }
    
    /**
     * @param data The data for the request.
     * @param data.requestBody This is a required parameter
     * @param data.parameter This is an optional parameter
     * @param overrides Additional request headers
     * @throws ApiError
     */
    public static getCallWithOptionalParam(data: GetCallWithOptionalParamData, overrides?: RequestOptions | undefined): CancelablePromise<void> {
        return __request(OpenAPI, {
            method: 'GET',
            url: '/api/v{api-version}/parameters/',
            query: {
                parameter: data.parameter
            },
            body: data.requestBody,
            mediaType: 'application/json'
        }, overrides);
    }
    
    /**
     * @param data The data for the request.
     * @param data.parameter This is a required parameter
     * @param data.requestBody This is an optional parameter
     * @param overrides Additional request headers
     * @throws ApiError
     */
    public static postCallWithOptionalParam(data: PostCallWithOptionalParamData, overrides?: RequestOptions | undefined): CancelablePromise<void> {
        return __request(OpenAPI, {
            method: 'POST',
            url: '/api/v{api-version}/parameters/',
            query: {
                parameter: data.parameter
            },
            body: data.requestBody,
            mediaType: 'application/json'
        }, overrides);
    }
    
}