// This file is auto-generated by @hey-api/openapi-ts

import { Injectable } from '@angular/core';
import { HttpClient } from '@angular/common/http';
import type { Observable } from 'rxjs';
import { OpenAPI } from './core/OpenAPI';
import { request as __request } from './core/request';
import { RequestOptions } from './core/request';
import type { PostServiceWithEmptyTagData, PostServiceWithEmptyTagResponse3, ApiVversionOdataControllerCountResponse, DeleteFooData3, CallWithParametersData, CallWithWeirdParameterNamesData, GetCallWithOptionalParamData, PostCallWithOptionalParamData, CallWithDescriptionsData, DeprecatedCallData, PostApiRequestBodyData, PostApiFormDataData, CallWithDefaultParametersData, CallWithDefaultOptionalParametersData, CallToTestOrderOfParamsData, CallWithNoContentResponseResponse, CallWithResponseAndNoContentResponseResponse, CallWithResponseResponse, CallWithDuplicateResponsesResponse, CallWithResponsesResponse, DummyAResponse, DummyBResponse, CollectionFormatData, TypesData, TypesResponse, UploadFileData, UploadFileResponse, FileResponseData, FileResponseResponse, ComplexTypesData, ComplexTypesResponse, ComplexParamsData, ComplexParamsResponse, MultipartRequestData, MultipartResponseResponse, CallWithResultFromHeaderResponse, TestErrorCodeData, TestErrorCodeResponse, NonAsciiæøåÆøÅöôêÊ字符串Data, NonAsciiæøåÆøÅöôêÊ字符串Response } from './types.gen';

@Injectable({
    providedIn: 'root'
})
export class DefaultService {
    constructor(public readonly http: HttpClient) { }
    
    /**
     * @param overrides Additional request headers
     * @throws ApiError
     */
    public serviceWithEmptyTag(overrides?: RequestOptions | undefined): Observable<void> {
        return __request(OpenAPI, this.http, {
            method: 'GET',
            url: '/api/v{api-version}/no-tag'
        }, overrides);
    }
    
    /**
     * @param data The data for the request.
     * @param data.requestBody
     * @param overrides Additional request headers
     * @returns ModelWithReadOnlyAndWriteOnly
     * @throws ApiError
     */
    public postServiceWithEmptyTag(data: PostServiceWithEmptyTagData, overrides?: RequestOptions | undefined): Observable<PostServiceWithEmptyTagResponse3> {
        return __request(OpenAPI, this.http, {
            method: 'POST',
            url: '/api/v{api-version}/no-tag',
            body: data.requestBody,
            mediaType: 'application/json'
        }, overrides);
    }
    
}

@Injectable({
    providedIn: 'root'
})
export class SimpleService {
    constructor(public readonly http: HttpClient) { }
    
    /**
     * @param overrides Additional request headers
     * @returns Model_From_Zendesk Success
     * @throws ApiError
     */
    public apiVVersionOdataControllerCount(overrides?: RequestOptions | undefined): Observable<ApiVversionOdataControllerCountResponse> {
        return __request(OpenAPI, this.http, {
            method: 'GET',
            url: '/api/v{api-version}/simple/$count'
        }, overrides);
    }
    
    /**
     * @param overrides Additional request headers
     * @throws ApiError
     */
    public getCallWithoutParametersAndResponse(overrides?: RequestOptions | undefined): Observable<void> {
        return __request(OpenAPI, this.http, {
            method: 'GET',
            url: '/api/v{api-version}/simple'
        }, overrides);
    }
    
    /**
     * @param overrides Additional request headers
     * @throws ApiError
     */
    public putCallWithoutParametersAndResponse(overrides?: RequestOptions | undefined): Observable<void> {
        return __request(OpenAPI, this.http, {
            method: 'PUT',
            url: '/api/v{api-version}/simple'
        }, overrides);
    }
    
    /**
     * @param overrides Additional request headers
     * @throws ApiError
     */
    public postCallWithoutParametersAndResponse(overrides?: RequestOptions | undefined): Observable<void> {
        return __request(OpenAPI, this.http, {
            method: 'POST',
            url: '/api/v{api-version}/simple'
        }, overrides);
    }
    
    /**
     * @param overrides Additional request headers
     * @throws ApiError
     */
    public deleteCallWithoutParametersAndResponse(overrides?: RequestOptions | undefined): Observable<void> {
        return __request(OpenAPI, this.http, {
            method: 'DELETE',
            url: '/api/v{api-version}/simple'
        }, overrides);
    }
    
    /**
     * @param overrides Additional request headers
     * @throws ApiError
     */
    public optionsCallWithoutParametersAndResponse(overrides?: RequestOptions | undefined): Observable<void> {
        return __request(OpenAPI, this.http, {
            method: 'OPTIONS',
            url: '/api/v{api-version}/simple'
        }, overrides);
    }
    
    /**
     * @param overrides Additional request headers
     * @throws ApiError
     */
    public headCallWithoutParametersAndResponse(overrides?: RequestOptions | undefined): Observable<void> {
        return __request(OpenAPI, this.http, {
            method: 'HEAD',
            url: '/api/v{api-version}/simple'
        }, overrides);
    }
    
    /**
     * @param overrides Additional request headers
     * @throws ApiError
     */
    public patchCallWithoutParametersAndResponse(overrides?: RequestOptions | undefined): Observable<void> {
        return __request(OpenAPI, this.http, {
            method: 'PATCH',
            url: '/api/v{api-version}/simple'
        }, overrides);
    }
    
}

@Injectable({
    providedIn: 'root'
})
export class ParametersService {
    constructor(public readonly http: HttpClient) { }
    
    /**
     * @param data The data for the request.
     * @param data.foo foo in method
     * @param data.bar bar in method
     * @param overrides Additional request headers
     * @throws ApiError
     */
    public deleteFoo(data: DeleteFooData3, overrides?: RequestOptions | undefined): Observable<void> {
        return __request(OpenAPI, this.http, {
            method: 'DELETE',
            url: '/api/v{api-version}/foo/{foo}/bar/{bar}',
            path: {
                foo: data.foo,
                bar: data.bar
            }
        }, overrides);
    }
    
    /**
     * @param data The data for the request.
     * @param data.parameterHeader This is the parameter that goes into the header
     * @param data.fooAllOfEnum
     * @param data.parameterQuery This is the parameter that goes into the query params
     * @param data.parameterForm This is the parameter that goes into the form data
     * @param data.parameterCookie This is the parameter that goes into the cookie
     * @param data.parameterPath This is the parameter that goes into the path
     * @param data.requestBody This is the parameter that goes into the body
     * @param data.fooRefEnum
     * @param overrides Additional request headers
     * @throws ApiError
     */
    public callWithParameters(data: CallWithParametersData, overrides?: RequestOptions | undefined): Observable<void> {
        return __request(OpenAPI, this.http, {
            method: 'POST',
            url: '/api/v{api-version}/parameters/{parameterPath}',
            path: {
                parameterPath: data.parameterPath
            },
            cookies: {
                parameterCookie: data.parameterCookie
            },
            headers: {
                parameterHeader: data.parameterHeader
            },
            query: {
                foo_ref_enum: data.fooRefEnum,
                foo_all_of_enum: data.fooAllOfEnum,
                parameterQuery: data.parameterQuery
            },
            formData: {
                parameterForm: data.parameterForm
            },
            body: data.requestBody,
            mediaType: 'application/json'
        }, overrides);
    }
    
    /**
     * @param data The data for the request.
     * @param data.parameterHeader This is the parameter that goes into the request header
     * @param data.parameterQuery This is the parameter that goes into the request query params
     * @param data.parameterForm This is the parameter that goes into the request form data
     * @param data.parameterCookie This is the parameter that goes into the cookie
     * @param data.requestBody This is the parameter that goes into the body
     * @param data.parameterPath1 This is the parameter that goes into the path
     * @param data.parameterPath2 This is the parameter that goes into the path
     * @param data.parameterPath3 This is the parameter that goes into the path
     * @param data._default This is the parameter with a reserved keyword
     * @param overrides Additional request headers
     * @throws ApiError
     */
    public callWithWeirdParameterNames(data: CallWithWeirdParameterNamesData, overrides?: RequestOptions | undefined): Observable<void> {
        return __request(OpenAPI, this.http, {
            method: 'POST',
            url: '/api/v{api-version}/parameters/{parameter.path.1}/{parameter-path-2}/{PARAMETER-PATH-3}',
            path: {
                'parameter.path.1': data.parameterPath1,
                'parameter-path-2': data.parameterPath2,
                'PARAMETER-PATH-3': data.parameterPath3
            },
            cookies: {
                'PARAMETER-COOKIE': data.parameterCookie
            },
            headers: {
                'parameter.header': data.parameterHeader
            },
            query: {
                default: data._default,
                'parameter-query': data.parameterQuery
            },
            formData: {
                parameter_form: data.parameterForm
            },
            body: data.requestBody,
            mediaType: 'application/json'
        }, overrides);
    }
    
    /**
     * @param data The data for the request.
     * @param data.requestBody This is a required parameter
     * @param data.parameter This is an optional parameter
     * @param overrides Additional request headers
     * @throws ApiError
     */
    public getCallWithOptionalParam(data: GetCallWithOptionalParamData, overrides?: RequestOptions | undefined): Observable<void> {
        return __request(OpenAPI, this.http, {
            method: 'GET',
            url: '/api/v{api-version}/parameters/',
            query: {
                parameter: data.parameter
            },
            body: data.requestBody,
            mediaType: 'application/json'
        }, overrides);
    }
    
    /**
     * @param data The data for the request.
     * @param data.parameter This is a required parameter
     * @param data.requestBody This is an optional parameter
     * @param overrides Additional request headers
     * @throws ApiError
     */
    public postCallWithOptionalParam(data: PostCallWithOptionalParamData, overrides?: RequestOptions | undefined): Observable<void> {
        return __request(OpenAPI, this.http, {
            method: 'POST',
            url: '/api/v{api-version}/parameters/',
            query: {
                parameter: data.parameter
            },
            body: data.requestBody,
            mediaType: 'application/json'
        }, overrides);
    }
    
}

@Injectable({
    providedIn: 'root'
})
export class DescriptionsService {
    constructor(public readonly http: HttpClient) { }
    
    /**
     * @param data The data for the request.
     * @param data.parameterWithBreaks Testing multiline comments in string: First line
     * Second line
     *
     * Fourth line
     * @param data.parameterWithBackticks Testing backticks in string: `backticks` and ```multiple backticks``` should work
     * @param data.parameterWithSlashes Testing slashes in string: \backwards\\\ and /forwards/// should work
     * @param data.parameterWithExpressionPlaceholders Testing expression placeholders in string: ${expression} should work
     * @param data.parameterWithQuotes Testing quotes in string: 'single quote''' and "double quotes""" should work
     * @param data.parameterWithReservedCharacters Testing reserved characters in string: * inline * and ** inline ** should work
     * @param overrides Additional request headers
     * @throws ApiError
     */
    public callWithDescriptions(data: CallWithDescriptionsData = {}, overrides?: RequestOptions | undefined): Observable<void> {
        return __request(OpenAPI, this.http, {
            method: 'POST',
            url: '/api/v{api-version}/descriptions/',
            query: {
                parameterWithBreaks: data.parameterWithBreaks,
                parameterWithBackticks: data.parameterWithBackticks,
                parameterWithSlashes: data.parameterWithSlashes,
                parameterWithExpressionPlaceholders: data.parameterWithExpressionPlaceholders,
                parameterWithQuotes: data.parameterWithQuotes,
                parameterWithReservedCharacters: data.parameterWithReservedCharacters
            }
        }, overrides);
    }
    
}

@Injectable({
    providedIn: 'root'
})
export class DeprecatedService {
    constructor(public readonly http: HttpClient) { }
    
    /**
     * @deprecated
     * @param data The data for the request.
     * @param data.parameter This parameter is deprecated
     * @param overrides Additional request headers
     * @throws ApiError
     */
    public deprecatedCall(data: DeprecatedCallData, overrides?: RequestOptions | undefined): Observable<void> {
        return __request(OpenAPI, this.http, {
            method: 'POST',
            url: '/api/v{api-version}/parameters/deprecated',
            headers: {
                parameter: data.parameter
            }
        }, overrides);
    }
    
}

@Injectable({
    providedIn: 'root'
})
export class RequestBodyService {
    constructor(public readonly http: HttpClient) { }
    
    /**
     * @param data The data for the request.
     * @param data.parameter This is a reusable parameter
     * @param data.foo A reusable request body
     * @param overrides Additional request headers
     * @throws ApiError
     */
    public postApiRequestBody(data: PostApiRequestBodyData = {}, overrides?: RequestOptions | undefined): Observable<void> {
        return __request(OpenAPI, this.http, {
            method: 'POST',
            url: '/api/v{api-version}/requestBody/',
            query: {
                parameter: data.parameter
            },
            body: data.foo,
            mediaType: 'application/json'
        }, overrides);
    }
    
}

@Injectable({
    providedIn: 'root'
})
export class FormDataService {
    constructor(public readonly http: HttpClient) { }
    
    /**
     * @param data The data for the request.
     * @param data.parameter This is a reusable parameter
     * @param data.formData A reusable request body
     * @param overrides Additional request headers
     * @throws ApiError
     */
    public postApiFormData(data: PostApiFormDataData = {}, overrides?: RequestOptions | undefined): Observable<void> {
        return __request(OpenAPI, this.http, {
            method: 'POST',
            url: '/api/v{api-version}/formData/',
            query: {
                parameter: data.parameter
            },
            formData: data.formData,
            mediaType: 'multipart/form-data'
        }, overrides);
    }
    
}

@Injectable({
    providedIn: 'root'
})
export class DefaultsService {
    constructor(public readonly http: HttpClient) { }
    
    /**
     * @param data The data for the request.
     * @param data.parameterString This is a simple string with default value
     * @param data.parameterNumber This is a simple number with default value
     * @param data.parameterBoolean This is a simple boolean with default value
     * @param data.parameterEnum This is a simple enum with default value
     * @param data.parameterModel This is a simple model with default value
     * @param overrides Additional request headers
     * @throws ApiError
     */
    public callWithDefaultParameters(data: CallWithDefaultParametersData = {}, overrides?: RequestOptions | undefined): Observable<void> {
        return __request(OpenAPI, this.http, {
            method: 'GET',
            url: '/api/v{api-version}/defaults',
            query: {
                parameterString: data.parameterString,
                parameterNumber: data.parameterNumber,
                parameterBoolean: data.parameterBoolean,
                parameterEnum: data.parameterEnum,
                parameterModel: data.parameterModel
            }
        }, overrides);
    }
    
    /**
     * @param data The data for the request.
     * @param data.parameterString This is a simple string that is optional with default value
     * @param data.parameterNumber This is a simple number that is optional with default value
     * @param data.parameterBoolean This is a simple boolean that is optional with default value
     * @param data.parameterEnum This is a simple enum that is optional with default value
     * @param data.parameterModel This is a simple model that is optional with default value
     * @param overrides Additional request headers
     * @throws ApiError
     */
    public callWithDefaultOptionalParameters(data: CallWithDefaultOptionalParametersData = {}, overrides?: RequestOptions | undefined): Observable<void> {
        return __request(OpenAPI, this.http, {
            method: 'POST',
            url: '/api/v{api-version}/defaults',
            query: {
                parameterString: data.parameterString,
                parameterNumber: data.parameterNumber,
                parameterBoolean: data.parameterBoolean,
                parameterEnum: data.parameterEnum,
                parameterModel: data.parameterModel
            }
        }, overrides);
    }
    
    /**
     * @param data The data for the request.
     * @param data.parameterStringWithNoDefault This is a string with no default
     * @param data.parameterOptionalStringWithDefault This is a optional string with default
     * @param data.parameterOptionalStringWithEmptyDefault This is a optional string with empty default
     * @param data.parameterOptionalStringWithNoDefault This is a optional string with no default
     * @param data.parameterStringWithDefault This is a string with default
     * @param data.parameterStringWithEmptyDefault This is a string with empty default
     * @param data.parameterStringNullableWithNoDefault This is a string that can be null with no default
     * @param data.parameterStringNullableWithDefault This is a string that can be null with default
     * @param overrides Additional request headers
     * @throws ApiError
     */
    public callToTestOrderOfParams(data: CallToTestOrderOfParamsData, overrides?: RequestOptions | undefined): Observable<void> {
        return __request(OpenAPI, this.http, {
            method: 'PUT',
            url: '/api/v{api-version}/defaults',
            query: {
                parameterOptionalStringWithDefault: data.parameterOptionalStringWithDefault,
                parameterOptionalStringWithEmptyDefault: data.parameterOptionalStringWithEmptyDefault,
                parameterOptionalStringWithNoDefault: data.parameterOptionalStringWithNoDefault,
                parameterStringWithDefault: data.parameterStringWithDefault,
                parameterStringWithEmptyDefault: data.parameterStringWithEmptyDefault,
                parameterStringWithNoDefault: data.parameterStringWithNoDefault,
                parameterStringNullableWithNoDefault: data.parameterStringNullableWithNoDefault,
                parameterStringNullableWithDefault: data.parameterStringNullableWithDefault
            }
        }, overrides);
    }
    
}

@Injectable({
    providedIn: 'root'
})
export class DuplicateService {
    constructor(public readonly http: HttpClient) { }
    
    /**
     * @param overrides Additional request headers
     * @throws ApiError
     */
    public duplicateName(overrides?: RequestOptions | undefined): Observable<void> {
        return __request(OpenAPI, this.http, {
            method: 'GET',
            url: '/api/v{api-version}/duplicate'
        }, overrides);
    }
    
    /**
     * @param overrides Additional request headers
     * @throws ApiError
     */
    public duplicateName1(overrides?: RequestOptions | undefined): Observable<void> {
        return __request(OpenAPI, this.http, {
            method: 'POST',
            url: '/api/v{api-version}/duplicate'
        }, overrides);
    }
    
    /**
     * @param overrides Additional request headers
     * @throws ApiError
     */
    public duplicateName2(overrides?: RequestOptions | undefined): Observable<void> {
        return __request(OpenAPI, this.http, {
            method: 'PUT',
            url: '/api/v{api-version}/duplicate'
        }, overrides);
    }
    
    /**
     * @param overrides Additional request headers
     * @throws ApiError
     */
    public duplicateName3(overrides?: RequestOptions | undefined): Observable<void> {
        return __request(OpenAPI, this.http, {
            method: 'DELETE',
            url: '/api/v{api-version}/duplicate'
        }, overrides);
    }
    
}

@Injectable({
    providedIn: 'root'
})
export class NoContentService {
    constructor(public readonly http: HttpClient) { }
    
    /**
     * @param overrides Additional request headers
     * @returns void Success
     * @throws ApiError
     */
    public callWithNoContentResponse(overrides?: RequestOptions | undefined): Observable<CallWithNoContentResponseResponse> {
        return __request(OpenAPI, this.http, {
            method: 'GET',
            url: '/api/v{api-version}/no-content'
        }, overrides);
    }
    
    /**
     * @param overrides Additional request headers
     * @returns number Response is a simple number
     * @returns void Success
     * @throws ApiError
     */
    public callWithResponseAndNoContentResponse(overrides?: RequestOptions | undefined): Observable<CallWithResponseAndNoContentResponseResponse> {
        return __request(OpenAPI, this.http, {
            method: 'GET',
            url: '/api/v{api-version}/multiple-tags/response-and-no-content'
        }, overrides);
    }
    
}

@Injectable({
    providedIn: 'root'
})
export class ResponseService {
    constructor(public readonly http: HttpClient) { }
    
    /**
     * @param overrides Additional request headers
     * @returns number Response is a simple number
     * @returns void Success
     * @throws ApiError
     */
    public callWithResponseAndNoContentResponse(overrides?: RequestOptions | undefined): Observable<CallWithResponseAndNoContentResponseResponse> {
        return __request(OpenAPI, this.http, {
            method: 'GET',
            url: '/api/v{api-version}/multiple-tags/response-and-no-content'
        }, overrides);
    }
    
    /**
     * @param overrides Additional request headers
     * @returns ModelWithString
     * @throws ApiError
     */
    public callWithResponse(overrides?: RequestOptions | undefined): Observable<CallWithResponseResponse> {
        return __request(OpenAPI, this.http, {
            method: 'GET',
            url: '/api/v{api-version}/response'
        }, overrides);
    }
    
    /**
     * @param overrides Additional request headers
     * @returns unknown Message for 200 response
     * @returns ModelWithString Message for 201 response
     * @returns ModelWithBoolean Message for default response
     * @throws ApiError
     */
    public callWithDuplicateResponses(overrides?: RequestOptions | undefined): Observable<CallWithDuplicateResponsesResponse> {
        return __request(OpenAPI, this.http, {
            method: 'POST',
            url: '/api/v{api-version}/response',
            errors: {
                500: 'Message for 500 error',
                501: 'Message for 501 error',
                502: 'Message for 502 error'
            }
        }, overrides);
    }
    
    /**
     * @param overrides Additional request headers
     * @returns unknown Message for 200 response
     * @returns ModelThatExtends Message for 201 response
     * @returns ModelThatExtendsExtends Message for 202 response
     * @returns ModelWithString Message for default response
     * @throws ApiError
     */
    public callWithResponses(overrides?: RequestOptions | undefined): Observable<CallWithResponsesResponse> {
        return __request(OpenAPI, this.http, {
            method: 'PUT',
            url: '/api/v{api-version}/response',
            errors: {
                500: 'Message for 500 error',
                501: 'Message for 501 error',
                502: 'Message for 502 error'
            }
        }, overrides);
    }
    
}

@Injectable({
    providedIn: 'root'
})
export class MultipleTags1Service {
    constructor(public readonly http: HttpClient) { }
    
    /**
     * @param overrides Additional request headers
     * @returns void Success
     * @throws ApiError
     */
    public dummyA(overrides?: RequestOptions | undefined): Observable<DummyAResponse> {
        return __request(OpenAPI, this.http, {
            method: 'GET',
            url: '/api/v{api-version}/multiple-tags/a'
        }, overrides);
    }
    
    /**
     * @param overrides Additional request headers
     * @returns void Success
     * @throws ApiError
     */
    public dummyB(overrides?: RequestOptions | undefined): Observable<DummyBResponse> {
        return __request(OpenAPI, this.http, {
            method: 'GET',
            url: '/api/v{api-version}/multiple-tags/b'
        }, overrides);
    }
    
}

@Injectable({
    providedIn: 'root'
})
export class MultipleTags2Service {
    constructor(public readonly http: HttpClient) { }
    
    /**
     * @param overrides Additional request headers
     * @returns void Success
     * @throws ApiError
     */
    public dummyA(overrides?: RequestOptions | undefined): Observable<DummyAResponse> {
        return __request(OpenAPI, this.http, {
            method: 'GET',
            url: '/api/v{api-version}/multiple-tags/a'
        }, overrides);
    }
    
    /**
     * @param overrides Additional request headers
     * @returns void Success
     * @throws ApiError
     */
    public dummyB(overrides?: RequestOptions | undefined): Observable<DummyBResponse> {
        return __request(OpenAPI, this.http, {
            method: 'GET',
            url: '/api/v{api-version}/multiple-tags/b'
        }, overrides);
    }
    
}

@Injectable({
    providedIn: 'root'
})
export class MultipleTags3Service {
    constructor(public readonly http: HttpClient) { }
    
    /**
     * @param overrides Additional request headers
     * @returns void Success
     * @throws ApiError
     */
    public dummyB(overrides?: RequestOptions | undefined): Observable<DummyBResponse> {
        return __request(OpenAPI, this.http, {
            method: 'GET',
            url: '/api/v{api-version}/multiple-tags/b'
        }, overrides);
    }
    
}

@Injectable({
    providedIn: 'root'
})
export class CollectionFormatService {
    constructor(public readonly http: HttpClient) { }
    
    /**
     * @param data The data for the request.
     * @param data.parameterArrayCsv This is an array parameter that is sent as csv format (comma-separated values)
     * @param data.parameterArraySsv This is an array parameter that is sent as ssv format (space-separated values)
     * @param data.parameterArrayTsv This is an array parameter that is sent as tsv format (tab-separated values)
     * @param data.parameterArrayPipes This is an array parameter that is sent as pipes format (pipe-separated values)
     * @param data.parameterArrayMulti This is an array parameter that is sent as multi format (multiple parameter instances)
     * @param overrides Additional request headers
     * @throws ApiError
     */
    public collectionFormat(data: CollectionFormatData, overrides?: RequestOptions | undefined): Observable<void> {
        return __request(OpenAPI, this.http, {
            method: 'GET',
            url: '/api/v{api-version}/collectionFormat',
            query: {
                parameterArrayCSV: data.parameterArrayCsv,
                parameterArraySSV: data.parameterArraySsv,
                parameterArrayTSV: data.parameterArrayTsv,
                parameterArrayPipes: data.parameterArrayPipes,
                parameterArrayMulti: data.parameterArrayMulti
            }
        }, overrides);
    }
    
}

@Injectable({
    providedIn: 'root'
})
export class TypesService {
    constructor(public readonly http: HttpClient) { }
    
    /**
     * @param data The data for the request.
     * @param data.parameterArray This is an array parameter
     * @param data.parameterDictionary This is a dictionary parameter
     * @param data.parameterEnum This is an enum parameter
     * @param data.parameterNumber This is a number parameter
     * @param data.parameterString This is a string parameter
     * @param data.parameterBoolean This is a boolean parameter
     * @param data.parameterObject This is an object parameter
     * @param data.id This is a number parameter
     * @param overrides Additional request headers
     * @returns number Response is a simple number
     * @returns string Response is a simple string
     * @returns boolean Response is a simple boolean
     * @returns unknown Response is a simple object
     * @throws ApiError
     */
    public types(data: TypesData, overrides?: RequestOptions | undefined): Observable<TypesResponse> {
        return __request(OpenAPI, this.http, {
            method: 'GET',
            url: '/api/v{api-version}/types',
            path: {
                id: data.id
            },
            query: {
                parameterNumber: data.parameterNumber,
                parameterString: data.parameterString,
                parameterBoolean: data.parameterBoolean,
                parameterObject: data.parameterObject,
                parameterArray: data.parameterArray,
                parameterDictionary: data.parameterDictionary,
                parameterEnum: data.parameterEnum
            }
        }, overrides);
    }
    
}

@Injectable({
    providedIn: 'root'
})
export class UploadService {
    constructor(public readonly http: HttpClient) { }
    
    /**
     * @param data The data for the request.
     * @param data.file Supply a file reference for upload
     * @param overrides Additional request headers
     * @returns boolean
     * @throws ApiError
     */
    public uploadFile(data: UploadFileData, overrides?: RequestOptions | undefined): Observable<UploadFileResponse> {
        return __request(OpenAPI, this.http, {
            method: 'POST',
            url: '/api/v{api-version}/upload',
            formData: {
                file: data.file
            }
        }, overrides);
    }
    
}

@Injectable({
    providedIn: 'root'
})
export class FileResponseService {
    constructor(public readonly http: HttpClient) { }
    
    /**
     * @param data The data for the request.
     * @param data.id
     * @param overrides Additional request headers
     * @returns binary Success
     * @throws ApiError
     */
    public fileResponse(data: FileResponseData, overrides?: RequestOptions | undefined): Observable<FileResponseResponse> {
        return __request(OpenAPI, this.http, {
            method: 'GET',
            url: '/api/v{api-version}/file/{id}',
            path: {
                id: data.id
            }
        }, overrides);
    }
    
}

@Injectable({
    providedIn: 'root'
})
export class ComplexService {
    constructor(public readonly http: HttpClient) { }
    
    /**
     * @param data The data for the request.
     * @param data.parameterObject Parameter containing object
     * @param data.parameterReference Parameter containing reference
     * @param overrides Additional request headers
     * @returns ModelWithString Successful response
     * @throws ApiError
     */
    public complexTypes(data: ComplexTypesData, overrides?: RequestOptions | undefined): Observable<ComplexTypesResponse> {
        return __request(OpenAPI, this.http, {
            method: 'GET',
            url: '/api/v{api-version}/complex',
            query: {
                parameterObject: data.parameterObject,
                parameterReference: data.parameterReference
            },
            errors: {
                400: '400 `server` error',
                500: '500 server error'
            }
        }, overrides);
    }
    
    /**
     * @param data The data for the request.
     * @param data.id
     * @param data.requestBody
     * @param overrides Additional request headers
     * @returns ModelWithString Success
     * @throws ApiError
     */
    public complexParams(data: ComplexParamsData, overrides?: RequestOptions | undefined): Observable<ComplexParamsResponse> {
        return __request(OpenAPI, this.http, {
            method: 'PUT',
            url: '/api/v{api-version}/complex/{id}',
            path: {
                id: data.id
            },
            body: data.requestBody,
            mediaType: 'application/json-patch+json'
        }, overrides);
    }
    
}

@Injectable({
    providedIn: 'root'
})
export class MultipartService {
    constructor(public readonly http: HttpClient) { }
    
    /**
     * @param data The data for the request.
     * @param data.formData
     * @param overrides Additional request headers
     * @throws ApiError
     */
    public multipartRequest(data: MultipartRequestData = {}, overrides?: RequestOptions | undefined): Observable<void> {
        return __request(OpenAPI, this.http, {
            method: 'POST',
            url: '/api/v{api-version}/multipart',
            formData: data.formData,
            mediaType: 'multipart/form-data'
        }, overrides);
    }
    
    /**
     * @param overrides Additional request headers
     * @returns unknown OK
     * @throws ApiError
     */
    public multipartResponse(overrides?: RequestOptions | undefined): Observable<MultipartResponseResponse> {
        return __request(OpenAPI, this.http, {
            method: 'GET',
            url: '/api/v{api-version}/multipart'
        }, overrides);
    }
    
}

@Injectable({
    providedIn: 'root'
})
export class HeaderService {
    constructor(public readonly http: HttpClient) { }
    
    /**
     * @param overrides Additional request headers
     * @returns string Successful response
     * @throws ApiError
     */
    public callWithResultFromHeader(overrides?: RequestOptions | undefined): Observable<CallWithResultFromHeaderResponse> {
        return __request(OpenAPI, this.http, {
            method: 'POST',
            url: '/api/v{api-version}/header',
            responseHeader: 'operation-location',
            errors: {
                400: '400 server error',
                500: '500 server error'
            }
        }, overrides);
    }
    
}

@Injectable({
    providedIn: 'root'
})
export class ErrorService {
    constructor(public readonly http: HttpClient) { }
    
    /**
     * @param data The data for the request.
     * @param data.status Status code to return
     * @param overrides Additional request headers
     * @returns unknown Custom message: Successful response
     * @throws ApiError
     */
    public testErrorCode(data: TestErrorCodeData, overrides?: RequestOptions | undefined): Observable<TestErrorCodeResponse> {
        return __request(OpenAPI, this.http, {
            method: 'POST',
            url: '/api/v{api-version}/error',
            query: {
                status: data.status
            },
            errors: {
                500: 'Custom message: Internal Server Error',
                501: 'Custom message: Not Implemented',
                502: 'Custom message: Bad Gateway',
                503: 'Custom message: Service Unavailable'
            }
        }, overrides);
    }
    
}

@Injectable({
    providedIn: 'root'
})
export class NonAsciiÆøåÆøÅöôêÊService {
    constructor(public readonly http: HttpClient) { }
    
    /**
     * @param data The data for the request.
     * @param data.nonAsciiParamæøåÆøÅöôêÊ Dummy input param
     * @param overrides Additional request headers
     * @returns NonAsciiStringæøåÆØÅöôêÊ字符串 Successful response
     * @throws ApiError
     */
    public nonAsciiæøåÆøÅöôêÊ字符串(data: NonAsciiæøåÆøÅöôêÊ字符串Data, overrides?: RequestOptions | undefined): Observable<NonAsciiæøåÆøÅöôêÊ字符串Response> {
        return __request(OpenAPI, this.http, {
            method: 'POST',
            url: '/api/v{api-version}/non-ascii-æøåÆØÅöôêÊ字符串',
            query: {
                'nonAsciiParamæøåÆØÅöôêÊ': data.nonAsciiParamæøåÆøÅöôêÊ
            }
        }, overrides);
    }
    
}